$ python3 test_coordinator_operation_needs.py
PASS in_review conflict=False needs=[]
PASS in_review conflict=False needs=['deploy']
PASS in_review conflict=False needs=['merge']
PASS in_review conflict=False needs=['merge', 'deploy']
PASS in_review conflict=False needs=['upload']
PASS in_review conflict=False needs=['upload', 'deploy']
PASS in_review conflict=False needs=['upload', 'merge']
PASS in_review conflict=False needs=['upload', 'merge', 'deploy']
PASS in_review conflict=False needs=['verification']
PASS in_review conflict=False needs=['verification', 'deploy']
PASS in_review conflict=False needs=['verification', 'merge']
PASS in_review conflict=False needs=['verification', 'merge', 'deploy']
PASS in_review conflict=False needs=['verification', 'upload']
PASS in_review conflict=False needs=['verification', 'upload', 'deploy']
PASS in_review conflict=False needs=['verification', 'upload', 'merge']
PASS in_review conflict=False needs=['verification', 'upload', 'merge', 'deploy']
PASS in_review conflict=False needs=['implementation']
PASS in_review conflict=False needs=['implementation', 'deploy']
PASS in_review conflict=False needs=['implementation', 'merge']
PASS in_review conflict=False needs=['implementation', 'merge', 'deploy']
PASS in_review conflict=False needs=['implementation', 'upload']
PASS in_review conflict=False needs=['implementation', 'upload', 'deploy']
PASS in_review conflict=False needs=['implementation', 'upload', 'merge']
PASS in_review conflict=False needs=['implementation', 'upload', 'merge', 'deploy']
PASS in_review conflict=False needs=['implementation', 'verification']
PASS in_review conflict=False needs=['implementation', 'verification', 'deploy']
PASS in_review conflict=False needs=['implementation', 'verification', 'merge']
PASS in_review conflict=False needs=['implementation', 'verification', 'merge', 'deploy']
PASS in_review conflict=False needs=['implementation', 'verification', 'upload']
PASS in_review conflict=False needs=['implementation', 'verification', 'upload', 'deploy']
PASS in_review conflict=False needs=['implementation', 'verification', 'upload', 'merge']
PASS in_review conflict=False needs=['implementation', 'verification', 'upload', 'merge', 'deploy']
PASS in_review conflict=True needs=[]
PASS in_review conflict=True needs=['deploy']
PASS in_review conflict=True needs=['merge']
PASS in_review conflict=True needs=['merge', 'deploy']
PASS in_review conflict=True needs=['upload']
PASS in_review conflict=True needs=['upload', 'deploy']
PASS in_review conflict=True needs=['upload', 'merge']
PASS in_review conflict=True needs=['upload', 'merge', 'deploy']
PASS in_review conflict=True needs=['verification']
PASS in_review conflict=True needs=['verification', 'deploy']
PASS in_review conflict=True needs=['verification', 'merge']
PASS in_review conflict=True needs=['verification', 'merge', 'deploy']
PASS in_review conflict=True needs=['verification', 'upload']
PASS in_review conflict=True needs=['verification', 'upload', 'deploy']
PASS in_review conflict=True needs=['verification', 'upload', 'merge']
PASS in_review conflict=True needs=['verification', 'upload', 'merge', 'deploy']
PASS in_review conflict=True needs=['implementation']
PASS in_review conflict=True needs=['implementation', 'deploy']
PASS in_review conflict=True needs=['implementation', 'merge']
PASS in_review conflict=True needs=['implementation', 'merge', 'deploy']
PASS in_review conflict=True needs=['implementation', 'upload']
PASS in_review conflict=True needs=['implementation', 'upload', 'deploy']
PASS in_review conflict=True needs=['implementation', 'upload', 'merge']
PASS in_review conflict=True needs=['implementation', 'upload', 'merge', 'deploy']
PASS in_review conflict=True needs=['implementation', 'verification']
PASS in_review conflict=True needs=['implementation', 'verification', 'deploy']
PASS in_review conflict=True needs=['implementation', 'verification', 'merge']
PASS in_review conflict=True needs=['implementation', 'verification', 'merge', 'deploy']
PASS in_review conflict=True needs=['implementation', 'verification', 'upload']
PASS in_review conflict=True needs=['implementation', 'verification', 'upload', 'deploy']
PASS in_review conflict=True needs=['implementation', 'verification', 'upload', 'merge']
PASS in_review conflict=True needs=['implementation', 'verification', 'upload', 'merge', 'deploy']
PASS merged conflict=False needs=[]
PASS merged conflict=False needs=['deploy']
PASS merged conflict=False needs=['merge']
PASS merged conflict=False needs=['merge', 'deploy']
PASS merged conflict=False needs=['upload']
PASS merged conflict=False needs=['upload', 'deploy']
PASS merged conflict=False needs=['upload', 'merge']
PASS merged conflict=False needs=['upload', 'merge', 'deploy']
PASS merged conflict=False needs=['verification']
PASS merged conflict=False needs=['verification', 'deploy']
PASS merged conflict=False needs=['verification', 'merge']
PASS merged conflict=False needs=['verification', 'merge', 'deploy']
PASS merged conflict=False needs=['verification', 'upload']
PASS merged conflict=False needs=['verification', 'upload', 'deploy']
PASS merged conflict=False needs=['verification', 'upload', 'merge']
PASS merged conflict=False needs=['verification', 'upload', 'merge', 'deploy']
PASS merged conflict=False needs=['implementation']
PASS merged conflict=False needs=['implementation', 'deploy']
PASS merged conflict=False needs=['implementation', 'merge']
PASS merged conflict=False needs=['implementation', 'merge', 'deploy']
PASS merged conflict=False needs=['implementation', 'upload']
PASS merged conflict=False needs=['implementation', 'upload', 'deploy']
PASS merged conflict=False needs=['implementation', 'upload', 'merge']
PASS merged conflict=False needs=['implementation', 'upload', 'merge', 'deploy']
PASS merged conflict=False needs=['implementation', 'verification']
PASS merged conflict=False needs=['implementation', 'verification', 'deploy']
PASS merged conflict=False needs=['implementation', 'verification', 'merge']
PASS merged conflict=False needs=['implementation', 'verification', 'merge', 'deploy']
PASS merged conflict=False needs=['implementation', 'verification', 'upload']
PASS merged conflict=False needs=['implementation', 'verification', 'upload', 'deploy']
PASS merged conflict=False needs=['implementation', 'verification', 'upload', 'merge']
PASS merged conflict=False needs=['implementation', 'verification', 'upload', 'merge', 'deploy']
PASS merged conflict=True needs=[]
PASS merged conflict=True needs=['deploy']
PASS merged conflict=True needs=['merge']
PASS merged conflict=True needs=['merge', 'deploy']
PASS merged conflict=True needs=['upload']
PASS merged conflict=True needs=['upload', 'deploy']
PASS merged conflict=True needs=['upload', 'merge']
PASS merged conflict=True needs=['upload', 'merge', 'deploy']
PASS merged conflict=True needs=['verification']
PASS merged conflict=True needs=['verification', 'deploy']
PASS merged conflict=True needs=['verification', 'merge']
PASS merged conflict=True needs=['verification', 'merge', 'deploy']
PASS merged conflict=True needs=['verification', 'upload']
PASS merged conflict=True needs=['verification', 'upload', 'deploy']
PASS merged conflict=True needs=['verification', 'upload', 'merge']
PASS merged conflict=True needs=['verification', 'upload', 'merge', 'deploy']
PASS merged conflict=True needs=['implementation']
PASS merged conflict=True needs=['implementation', 'deploy']
PASS merged conflict=True needs=['implementation', 'merge']
PASS merged conflict=True needs=['implementation', 'merge', 'deploy']
PASS merged conflict=True needs=['implementation', 'upload']
PASS merged conflict=True needs=['implementation', 'upload', 'deploy']
PASS merged conflict=True needs=['implementation', 'upload', 'merge']
PASS merged conflict=True needs=['implementation', 'upload', 'merge', 'deploy']
PASS merged conflict=True needs=['implementation', 'verification']
PASS merged conflict=True needs=['implementation', 'verification', 'deploy']
PASS merged conflict=True needs=['implementation', 'verification', 'merge']
PASS merged conflict=True needs=['implementation', 'verification', 'merge', 'deploy']
PASS merged conflict=True needs=['implementation', 'verification', 'upload']
PASS merged conflict=True needs=['implementation', 'verification', 'upload', 'deploy']
PASS merged conflict=True needs=['implementation', 'verification', 'upload', 'merge']
PASS merged conflict=True needs=['implementation', 'verification', 'upload', 'merge', 'deploy']
TOTAL 128 FAILURES 0

EXIT_CODE=0
