$ python3 -m unittest -v test_evidence_policy
test_actual_completion_alias_denies_unselected_current_failed_log (test_evidence_policy.EvidenceIntegrationTests.test_actual_completion_alias_denies_unselected_current_failed_log) ... ok
test_all_real_aliases_use_shared_policy_and_exit_nonzero (test_evidence_policy.EvidenceIntegrationTests.test_all_real_aliases_use_shared_policy_and_exit_nonzero) ... ok
test_current_failed_check_blocks_with_or_without_finding_or_new_review (test_evidence_policy.EvidenceIntegrationTests.test_current_failed_check_blocks_with_or_without_finding_or_new_review) ... ok
test_impossible_admission_plans_are_rejected (test_evidence_policy.EvidenceIntegrationTests.test_impossible_admission_plans_are_rejected) ... ok
test_new_findings_invalidate_old_review_and_need_explicit_inspection (test_evidence_policy.EvidenceIntegrationTests.test_new_findings_invalidate_old_review_and_need_explicit_inspection) ... ok
test_production_admission_no_packet_or_partial_plan_denies (test_evidence_policy.EvidenceIntegrationTests.test_production_admission_no_packet_or_partial_plan_denies) ... ok
test_production_aliases_cannot_reuse_legacy_evidence_strings (test_evidence_policy.EvidenceIntegrationTests.test_production_aliases_cannot_reuse_legacy_evidence_strings) ... ok
test_production_coordinator_and_guard_require_full_policy (test_evidence_policy.EvidenceIntegrationTests.test_production_coordinator_and_guard_require_full_policy) ... ok
test_production_coordinator_scope_binding_and_stops (test_evidence_policy.EvidenceIntegrationTests.test_production_coordinator_scope_binding_and_stops) ... ok
test_regression_booleans_wrong_fixture_and_unrelated_failure_reject (test_evidence_policy.EvidenceIntegrationTests.test_regression_booleans_wrong_fixture_and_unrelated_failure_reject) ... ok
test_reusable_guideline_executes_failure_and_records_bound_delta (test_evidence_policy.EvidenceIntegrationTests.test_reusable_guideline_executes_failure_and_records_bound_delta) ... ok
test_same_source_conflicting_verdict_cannot_choose_convenient_pass (test_evidence_policy.EvidenceIntegrationTests.test_same_source_conflicting_verdict_cannot_choose_convenient_pass) ... ok
test_visual_images_and_numeric_check_can_complete_together (test_evidence_policy.EvidenceIntegrationTests.test_visual_images_and_numeric_check_can_complete_together) ... ok
test_build_capture_requires_authenticated_exact_binding (test_evidence_policy.EvidencePolicyTests.test_build_capture_requires_authenticated_exact_binding) ... ok
test_canonical_rule_inventory_cannot_be_narrowed_in_both_inputs (test_evidence_policy.EvidencePolicyTests.test_canonical_rule_inventory_cannot_be_narrowed_in_both_inputs) ... ok
test_changed_current_canonical_criteria_invalidates_review (test_evidence_policy.EvidencePolicyTests.test_changed_current_canonical_criteria_invalidates_review) ... ok
test_changed_source_invalidates_evidence_only_claim (test_evidence_policy.EvidencePolicyTests.test_changed_source_invalidates_evidence_only_claim) ... ok
test_conflicting_authenticated_actor_receipts_fail_closed (test_evidence_policy.EvidencePolicyTests.test_conflicting_authenticated_actor_receipts_fail_closed) ... ok
test_empty_criteria_and_applicability_never_pass (test_evidence_policy.EvidencePolicyTests.test_empty_criteria_and_applicability_never_pass) ... ok
test_evidence_only_task_log_change_is_allowed (test_evidence_policy.EvidencePolicyTests.test_evidence_only_task_log_change_is_allowed) ... ok
test_evidence_replaced_at_tip_is_not_accepted (test_evidence_policy.EvidencePolicyTests.test_evidence_replaced_at_tip_is_not_accepted) ... ok
test_execution_cannot_postdate_its_observation (test_evidence_policy.EvidencePolicyTests.test_execution_cannot_postdate_its_observation) ... ok
test_execution_must_be_real_bound_successful_observation (test_evidence_policy.EvidencePolicyTests.test_execution_must_be_real_bound_successful_observation) ... ok
test_fixture_is_reproducible_and_matches_checked_in_bytes (test_evidence_policy.EvidencePolicyTests.test_fixture_is_reproducible_and_matches_checked_in_bytes) ... ok
test_historical_evidence_with_actual_scope_equivalence (test_evidence_policy.EvidencePolicyTests.test_historical_evidence_with_actual_scope_equivalence) ... ok
test_historical_source_change_is_not_metadata_equivalence (test_evidence_policy.EvidencePolicyTests.test_historical_source_change_is_not_metadata_equivalence) ... ok
test_human_missing_pending_rejected_not_inferred_from_green (test_evidence_policy.EvidencePolicyTests.test_human_missing_pending_rejected_not_inferred_from_green) ... ok
test_inaccessible_uncommitted_wrong_blob_path_and_repository (test_evidence_policy.EvidencePolicyTests.test_inaccessible_uncommitted_wrong_blob_path_and_repository) ... ok
test_inspector_cannot_reconcile_or_broaden_limitation (test_evidence_policy.EvidencePolicyTests.test_inspector_cannot_reconcile_or_broaden_limitation) ... ok
test_malformed_input_does_not_throw_or_vacuously_pass (test_evidence_policy.EvidencePolicyTests.test_malformed_input_does_not_throw_or_vacuously_pass) ... ok
test_missing_and_unattested_independent_verdict (test_evidence_policy.EvidencePolicyTests.test_missing_and_unattested_independent_verdict) ... ok
test_missing_evidence_and_partial_coverage (test_evidence_policy.EvidencePolicyTests.test_missing_evidence_and_partial_coverage) ... ok
test_missing_finding_fields_or_fingerprint_fail (test_evidence_policy.EvidencePolicyTests.test_missing_finding_fields_or_fingerprint_fail) ... ok
test_no_io_no_subprocess_no_network_and_no_input_mutation (test_evidence_policy.EvidencePolicyTests.test_no_io_no_subprocess_no_network_and_no_input_mutation) ... ok
test_no_publication_hold_dependency (test_evidence_policy.EvidencePolicyTests.test_no_publication_hold_dependency) ... ok
test_numeric_diff_or_ci_is_not_visual_judgment (test_evidence_policy.EvidencePolicyTests.test_numeric_diff_or_ci_is_not_visual_judgment) ... ok
test_plan_negatives (test_evidence_policy.EvidencePolicyTests.test_plan_negatives) ... ok
test_positive_exact_source_and_evidence_only_descendants (test_evidence_policy.EvidencePolicyTests.test_positive_exact_source_and_evidence_only_descendants) ... ok
test_raw_commit_tree_blob_proof_not_metadata (test_evidence_policy.EvidencePolicyTests.test_raw_commit_tree_blob_proof_not_metadata) ... ok
test_reconcile_existing_rule_duplicate_replay_is_idempotent (test_evidence_policy.EvidencePolicyTests.test_reconcile_existing_rule_duplicate_replay_is_idempotent) ... ok
test_reconcile_unresolved_changed_same_id_conflicting_decisions (test_evidence_policy.EvidencePolicyTests.test_reconcile_unresolved_changed_same_id_conflicting_decisions) ... ok
test_reordered_authority_lists_are_deterministic (test_evidence_policy.EvidencePolicyTests.test_reordered_authority_lists_are_deterministic) ... ok
test_rules_inventory_and_revision_negatives (test_evidence_policy.EvidencePolicyTests.test_rules_inventory_and_revision_negatives) ... ok
test_stale_existing_rule_cannot_reconcile (test_evidence_policy.EvidencePolicyTests.test_stale_existing_rule_cannot_reconcile) ... ok
test_stops_and_owner_do_not_change (test_evidence_policy.EvidencePolicyTests.test_stops_and_owner_do_not_change) ... ok
test_unattested_execution_is_not_a_claimed_boolean (test_evidence_policy.EvidencePolicyTests.test_unattested_execution_is_not_a_claimed_boolean) ... ok
test_unknown_decision_kind_does_not_repair_or_create_tasks (test_evidence_policy.EvidencePolicyTests.test_unknown_decision_kind_does_not_repair_or_create_tasks) ... ok
test_unmapped_or_missing_required_checks (test_evidence_policy.EvidencePolicyTests.test_unmapped_or_missing_required_checks) ... ok
test_verdict_negative_table (test_evidence_policy.EvidencePolicyTests.test_verdict_negative_table) ... ok
test_visual_explicit_independent_and_human_pass (test_evidence_policy.EvidencePolicyTests.test_visual_explicit_independent_and_human_pass) ... ok
test_visual_identical_wrong_empty_or_unmatched_pairs (test_evidence_policy.EvidencePolicyTests.test_visual_identical_wrong_empty_or_unmatched_pairs) ... ok
test_worker_cannot_narrow_authoritative_rules (test_evidence_policy.EvidencePolicyTests.test_worker_cannot_narrow_authoritative_rules) ... ok
test_wrong_build_variant_environment (test_evidence_policy.EvidencePolicyTests.test_wrong_build_variant_environment) ... ok

----------------------------------------------------------------------
Ran 53 tests in 0.169s

OK

EXIT_CODE=0
