test_acceptance_is_independent_complete_and_exact (test_rules.CoordinatorEnforcementTests.test_acceptance_is_independent_complete_and_exact) ... ok
test_aliases_without_snapshot_and_retired_routes_fail_closed (test_rules.CoordinatorEnforcementTests.test_aliases_without_snapshot_and_retired_routes_fail_closed) ... ok
test_all_cli_aliases_use_shared_evaluator_and_never_capture_state (test_rules.CoordinatorEnforcementTests.test_all_cli_aliases_use_shared_evaluator_and_never_capture_state) ... ok
test_available_native_survives_codex_capacity_block (test_rules.CoordinatorEnforcementTests.test_available_native_survives_codex_capacity_block) ... ok
test_bad_times_sha_repository_duplicate_and_review_omission (test_rules.CoordinatorEnforcementTests.test_bad_times_sha_repository_duplicate_and_review_omission) ... ok
test_cli_malformed_options_are_structured_input_required (test_rules.CoordinatorEnforcementTests.test_cli_malformed_options_are_structured_input_required) ... ok
test_cli_rejects_malformed_duplicate_json_without_legacy_fallback (test_rules.CoordinatorEnforcementTests.test_cli_rejects_malformed_duplicate_json_without_legacy_fallback) ... ok
test_complete_empty_scope_is_no_work_only_with_all_receipts (test_rules.CoordinatorEnforcementTests.test_complete_empty_scope_is_no_work_only_with_all_receipts) ... ok
test_conflicting_same_head_reviews_require_reconciliation (test_rules.CoordinatorEnforcementTests.test_conflicting_same_head_reviews_require_reconciliation) ... ok
test_decision_replay_is_bound_to_target_owner_sha_inputs_and_freshness (test_rules.CoordinatorEnforcementTests.test_decision_replay_is_bound_to_target_owner_sha_inputs_and_freshness) ... ok
test_denial_cannot_be_narrowed_to_evade_on_another_executor (test_rules.CoordinatorEnforcementTests.test_denial_cannot_be_narrowed_to_evade_on_another_executor) ... ok
test_disputed_acceptance_preserves_explicit_review_only (test_rules.CoordinatorEnforcementTests.test_disputed_acceptance_preserves_explicit_review_only) ... ok
test_disputed_review_is_scoped_and_receipts_still_revalidate (test_rules.CoordinatorEnforcementTests.test_disputed_review_is_scoped_and_receipts_still_revalidate) ... ok
test_disputed_review_retains_source_owner_capability_and_stop_gates (test_rules.CoordinatorEnforcementTests.test_disputed_review_retains_source_owner_capability_and_stop_gates) ... ok
test_frozen_unfiled_ask_and_board_stops_cannot_be_laundered (test_rules.CoordinatorEnforcementTests.test_frozen_unfiled_ask_and_board_stops_cannot_be_laundered) ... ok
test_implementation_owner_preserved_independent_review_available (test_rules.CoordinatorEnforcementTests.test_implementation_owner_preserved_independent_review_available) ... ok
test_individual_read_freshness_is_separate_from_old_evidence_date (test_rules.CoordinatorEnforcementTests.test_individual_read_freshness_is_separate_from_old_evidence_date) ... ok
test_known_conflict_survives_removal_of_verification_need (test_rules.CoordinatorEnforcementTests.test_known_conflict_survives_removal_of_verification_need) ... ok
test_manifest_omissions_and_unreadability_never_claim_idle (test_rules.CoordinatorEnforcementTests.test_manifest_omissions_and_unreadability_never_claim_idle) ... ok
test_missing_post_merge_source_never_returns_false_idle (test_rules.CoordinatorEnforcementTests.test_missing_post_merge_source_never_returns_false_idle) ... ok
test_native_unknown_or_requested_model_is_not_attestation (test_rules.CoordinatorEnforcementTests.test_native_unknown_or_requested_model_is_not_attestation) ... ok
test_owned_continuation_requires_existing_exact_executor (test_rules.CoordinatorEnforcementTests.test_owned_continuation_requires_existing_exact_executor) ... ok
test_post_merge_verification_resolves_source_without_reacceptance (test_rules.CoordinatorEnforcementTests.test_post_merge_verification_resolves_source_without_reacceptance) ... ok
test_publication_triggers_and_deploy_never_granted_by_code_permission (test_rules.CoordinatorEnforcementTests.test_publication_triggers_and_deploy_never_granted_by_code_permission) ... ok
test_review_pending_and_stale_board_produce_exact_head_verification (test_rules.CoordinatorEnforcementTests.test_review_pending_and_stale_board_produce_exact_head_verification) ... ok
test_safe_action_coexists_with_unrelated_unknown_scope (test_rules.CoordinatorEnforcementTests.test_safe_action_coexists_with_unrelated_unknown_scope) ... ok
test_scoped_publication_holds_do_not_block_code_or_second_task (test_rules.CoordinatorEnforcementTests.test_scoped_publication_holds_do_not_block_code_or_second_task) ... ok
test_stale_acceptance_read_keeps_unrelated_coding_available (test_rules.CoordinatorEnforcementTests.test_stale_acceptance_read_keeps_unrelated_coding_available) ... ok
test_stops_denials_cancellation_and_frozen_projects_preserved (test_rules.CoordinatorEnforcementTests.test_stops_denials_cancellation_and_frozen_projects_preserved) ... ok
test_supported_native_selection_does_not_claim_runtime_attestation (test_rules.CoordinatorEnforcementTests.test_supported_native_selection_does_not_claim_runtime_attestation) ... ok
test_terminal_board_and_merged_pr_do_not_restart_completed_work (test_rules.CoordinatorEnforcementTests.test_terminal_board_and_merged_pr_do_not_restart_completed_work) ... ok
test_terminal_conflict_does_not_suppress_other_verified_task (test_rules.CoordinatorEnforcementTests.test_terminal_conflict_does_not_suppress_other_verified_task) ... ok
test_unfiled_admission_holds_are_task_scoped (test_rules.CoordinatorEnforcementTests.test_unfiled_admission_holds_are_task_scoped) ... ok
test_unfiled_ask_is_admission_without_implementation_candidate (test_rules.CoordinatorEnforcementTests.test_unfiled_ask_is_admission_without_implementation_candidate) ... ok
test_unknown_acceptance_does_not_stop_separately_authorized_code (test_rules.CoordinatorEnforcementTests.test_unknown_acceptance_does_not_stop_separately_authorized_code) ... ok
test_unknown_branch_and_ownership_conflicts_require_reconciliation (test_rules.CoordinatorEnforcementTests.test_unknown_branch_and_ownership_conflicts_require_reconciliation) ... ok
test_unknown_branches_do_not_block_exact_read_only_review (test_rules.CoordinatorEnforcementTests.test_unknown_branches_do_not_block_exact_read_only_review) ... ok

----------------------------------------------------------------------
Ran 37 tests in 0.566s

OK
