test_all_cli_and_imported_supported_aliases_share_result_without_io (test_scoped_admission.ScopedAdmissionTests.test_all_cli_and_imported_supported_aliases_share_result_without_io) ... ok
test_ancestor_branch_does_not_need_task_id (test_scoped_admission.ScopedAdmissionTests.test_ancestor_branch_does_not_need_task_id) ... ok
test_board_reorder_or_table_move_is_not_disjoint (test_scoped_admission.ScopedAdmissionTests.test_board_reorder_or_table_move_is_not_disjoint) ... ok
test_candidate_scope_cannot_omit_path_or_row (test_scoped_admission.ScopedAdmissionTests.test_candidate_scope_cannot_omit_path_or_row) ... ok
test_closed_current_task_and_original_frozen_holds_are_retained (test_scoped_admission.ScopedAdmissionTests.test_closed_current_task_and_original_frozen_holds_are_retained) ... ok
test_current_base_dependency_change_blocks (test_scoped_admission.ScopedAdmissionTests.test_current_base_dependency_change_blocks) ... ok
test_decision_binds_candidate_base_owner_rules_inventory_and_receipt (test_scoped_admission.ScopedAdmissionTests.test_decision_binds_candidate_base_owner_rules_inventory_and_receipt) ... ok
test_dependency_board_task_owner_cannot_disappear_from_owner_table (test_scoped_admission.ScopedAdmissionTests.test_dependency_board_task_owner_cannot_disappear_from_owner_table) ... ok
test_docs_only_actual_policy_check_positive (test_scoped_admission.ScopedAdmissionTests.test_docs_only_actual_policy_check_positive) ... ok
test_duplicate_trigger_policy_cannot_use_first_safe_record (test_scoped_admission.ScopedAdmissionTests.test_duplicate_trigger_policy_cannot_use_first_safe_record) ... ok
test_every_receipt_missing_partial_stale_or_query_changed_blocks (test_scoped_admission.ScopedAdmissionTests.test_every_receipt_missing_partial_stale_or_query_changed_blocks) ... ok
test_forged_ancestry_edge_fails (test_scoped_admission.ScopedAdmissionTests.test_forged_ancestry_edge_fails) ... ok
test_independent_proof_cannot_be_replaced_by_pass_word (test_scoped_admission.ScopedAdmissionTests.test_independent_proof_cannot_be_replaced_by_pass_word) ... ok
test_invalid_scope_never_falls_back_to_complete_legacy_sources (test_scoped_admission.ScopedAdmissionTests.test_invalid_scope_never_falls_back_to_complete_legacy_sources) ... ok
test_old_global_missing_coverage_stays_blocked (test_scoped_admission.ScopedAdmissionTests.test_old_global_missing_coverage_stays_blocked) ... ok
test_proved_disjoint_branch_and_pr_need_no_historical_task_normalization (test_scoped_admission.ScopedAdmissionTests.test_proved_disjoint_branch_and_pr_need_no_historical_task_normalization) ... ok
test_provider_denial_stop_and_global_hold_remain (test_scoped_admission.ScopedAdmissionTests.test_provider_denial_stop_and_global_hold_remain) ... ok
test_relevant_branch_blocks (test_scoped_admission.ScopedAdmissionTests.test_relevant_branch_blocks) ... ok
test_relevant_dependency_owner_queue_or_hold_blocks (test_scoped_admission.ScopedAdmissionTests.test_relevant_dependency_owner_queue_or_hold_blocks) ... ok
test_relevant_file_and_row_mode_changes_are_not_disjoint (test_scoped_admission.ScopedAdmissionTests.test_relevant_file_and_row_mode_changes_are_not_disjoint) ... ok
test_required_checks_never_empty_missing_failed_or_invented (test_scoped_admission.ScopedAdmissionTests.test_required_checks_never_empty_missing_failed_or_invented) ... ok
test_scoped_empty_work_never_global_idle (test_scoped_admission.ScopedAdmissionTests.test_scoped_empty_work_never_global_idle) ... ok
test_shared_board_context_and_duplicates_block (test_scoped_admission.ScopedAdmissionTests.test_shared_board_context_and_duplicates_block) ... ok
test_shared_board_disjoint_row_allowed (test_scoped_admission.ScopedAdmissionTests.test_shared_board_disjoint_row_allowed) ... ok
test_shared_board_target_row_blocks (test_scoped_admission.ScopedAdmissionTests.test_shared_board_target_row_blocks) ... ok
test_sibling_pr_cannot_hide_behind_task_name (test_scoped_admission.ScopedAdmissionTests.test_sibling_pr_cannot_hide_behind_task_name) ... ok
test_supported_operation_positives_and_deploy_not_supported (test_scoped_admission.ScopedAdmissionTests.test_supported_operation_positives_and_deploy_not_supported) ... ok
test_unknown_branch_proof_fails_closed (test_scoped_admission.ScopedAdmissionTests.test_unknown_branch_proof_fails_closed) ... ok
test_unknown_owner_and_queue_are_retained_even_when_branch_contained (test_scoped_admission.ScopedAdmissionTests.test_unknown_owner_and_queue_are_retained_even_when_branch_contained) ... ok
test_unrequested_actions_or_triggered_publication_remain_blocked (test_scoped_admission.ScopedAdmissionTests.test_unrequested_actions_or_triggered_publication_remain_blocked) ... ok

----------------------------------------------------------------------
Ran 30 tests in 0.397s

OK
